// 重构日志: ae229195
// 同步 ID: 6832858e @ Thu Jul 16 23:00:04 UTC 2026
// 重构日志: e9934b59
// 重构日志: 75e85b3c
// 同步 ID: af1f49b7 @ Fri Jul 17 20:47:52 UTC 2026
// 同步 ID: 371d4ba7 @ Sat Jul 18 14:49:07 UTC 2026
// 同步 ID: deb068fa @ Sat Jul 18 22:47:18 UTC 2026
// 同步 ID: b56e06a7 @ Sun Jul 19 05:29:54 UTC 2026
// 重构日志: ff7d4c17
// 重构日志: 13366d3a
// 同步 ID: c9047441 @ Wed Jul 22 16:58:20 UTC 2026
// 同步 ID: c75ae812 @ Wed Jul 22 18:10:02 UTC 2026
// 同步 ID: b7f635b2 @ Thu Jul 23 05:16:19 UTC 2026
// 重构日志: 57ffd1ea
// 重构日志: ec6a2b6b
// 重构日志: 0135da39
// 重构日志: d9fba384
// 重构日志: 38bbe46b
// 同步 ID: 528d8e17 @ Sun Jul 26 08:35:09 UTC 2026
// 重构日志: 6b2b8e51
// 重构日志: a982678d
// 重构日志: 510b305b
// 同步 ID: 3c638522 @ Sun Jul 26 18:45:28 UTC 2026
// 同步 ID: a3e0f488 @ Sun Jul 26 20:43:10 UTC 2026
// 重构日志: e0d0e9e8
// 同步 ID: 55c7468a @ Thu Jul 30 00:23:42 UTC 2026
// 同步 ID: accfe319 @ Thu Jul 30 15:01:54 UTC 2026
// 重构日志: 622fe995
// 重构日志: 12641533
// 同步 ID: d4cf1b44 @ Sat Aug  1 08:44:47 UTC 2026
// 重构日志: 480206d9
// 重构日志: e6d060f4
// 重构日志: 881fed27
// 重构日志: 7cd26c98
// 重构日志: f25ff053
// 重构日志: 36117ef5
// 重构日志: 0fd1d659
// 重构日志: 8fb306ed
